*------------------------------------------------------------*
User:                sap146
Date:                20 December 2017
Time:                15:13:31
*------------------------------------------------------------*
* Training Output
*------------------------------------------------------------*
 
 
 
 
Variable Summary
 
          Measurement    Frequency
Role         Level         Count
 
ID         INTERVAL           1
INPUT      INTERVAL          10
TARGET     NOMINAL            1
 
 
 
 
Model Events
 
                                      Number
                       Measurement      of
  Target      Event       Level       Levels      Order       Label
 
popularity      2        NOMINAL         3      Descending
 
 
 
 
Predicted and decision variables
 
Type           Variable                Label
 
TARGET       popularity
PREDICTED    P_popularity2    Predicted: popularity=2
RESIDUAL     R_popularity2    Residual: popularity=2
PREDICTED    P_popularity1    Predicted: popularity=1
RESIDUAL     R_popularity1    Residual: popularity=1
PREDICTED    P_popularity0    Predicted: popularity=0
RESIDUAL     R_popularity0    Residual: popularity=0
FROM         F_popularity     From: popularity
INTO         I_popularity     Into: popularity


*------------------------------------------------------------*
* Score Output
*------------------------------------------------------------*


*------------------------------------------------------------*
* Report Output
*------------------------------------------------------------*
 
 
 
Variable Importance
 
                                                                                                                 Ratio of
                                          Number of    Number of                                               Validation
                                          Splitting    Surrogate                            Validation        to Training
Variable Name              Label            Rules        Rules           Importance         Importance         Importance
 
artist_hotttnesss    artist.hotttnesss        4            1                 1.0000             1.0000             1.0000
loudness                                      1            3                 0.8875             0.8598             0.9689
duration                                      0            5                 0.8652             0.8541             0.9871
start_of_fade_out                             0            3                 0.8481             0.8541             1.0070
beats_start                                   0            2                 0.8377             0.8134             0.9710
bars_start                                    0            4                 0.2540             0.2604             1.0251
tempo                                         1            1                 0.2528             0.2096             0.8292
tatums_start                                  0            2                 0.2401             0.2097             0.8737
end_of_fade_in                                0            1                 0.2024             0.2119             1.0467
 
 
 
Tree Leaf Report
 
                                 Training
Node               Training       Percent
 Id     Depth    Observations        2
 
  2       1          4491          0.16
  7       2           663          0.65
 31       6           330          0.47
 13       3           267          0.57
 28       5            66          0.21
 30       6            66          0.23
 22       4            61          0.66
 
 
 
 
Fit Statistics
 
Target=popularity Target Label=' '
 
   Fit
Statistics    Statistics Label                 Train    Validation
 
  _NOBS_      Sum of Frequencies             5944.00       664.00
  _MISC_      Misclassification Rate            0.43         0.44
  _MAX_       Maximum Absolute Error            0.98         0.97
  _SSE_       Sum of Squared Errors          3327.55       384.55
  _ASE_       Average Squared Error             0.19         0.19
  _RASE_      Root Average Squared Error        0.43         0.44
  _DIV_       Divisor for ASE               17832.00      1992.00
  _DFT_       Total Degrees of Freedom      11888.00          .
 
 
 
 
Classification Table
 
Data Role=TRAIN Target Variable=popularity Target Label=' '
 
                       Target        Outcome     Frequency       Total
Target    Outcome    Percentage    Percentage      Count      Percentage
 
  0          1         26.8224       96.4230        1240        20.8614
  1          1         56.8029       84.1667        2626        44.1790
  2          1         16.3746       49.2198         757        12.7355
  0          2          3.4822        3.5770          46         0.7739
  1          2         37.3959       15.8333         494         8.3109
  2          2         59.1219       50.7802         781        13.1393
 
 
Data Role=VALIDATE Target Variable=popularity Target Label=' '
 
                       Target        Outcome     Frequency       Total
Target    Outcome    Percentage    Percentage      Count      Percentage
 
  0          1         26.0148       97.9167        141         21.2349
  1          1         55.1661       85.9195        299         45.0301
  2          1         18.8192       59.3023        102         15.3614
  0          2          2.4590        2.0833          3          0.4518
  1          2         40.1639       14.0805         49          7.3795
  2          2         57.3770       40.6977         70         10.5422
 
 
 
 
Event Classification Table
 
Data Role=TRAIN Target=popularity Target Label=' '
 
  False       True        False       True
Negative    Negative    Positive    Positive
 
   757        3866         540         781
 
 
Data Role=VALIDATE Target=popularity Target Label=' '
 
  False       True        False       True
Negative    Negative    Positive    Positive
 
   102         440         52          70
 
 
 
 
Assessment Score Rankings
 
Data Role=TRAIN Target Variable=popularity Target Label=' '
 
                                                                                           Mean
                               Cumulative        %       Cumulative      Number of      Posterior
Depth       Gain      Lift        Lift       Response    % Response    Observations    Probability
 
   5     152.614    2.52614      2.52614      65.3634      65.3634          298          0.65363
  10     152.509    2.52404      2.52509      65.3092      65.3363          297          0.65309
  15     146.374    2.34084      2.46374      60.5688      63.7489          297          0.60569
  20     133.576    1.95137      2.33576      50.4914      60.4373          297          0.50491
  25     112.054    1.25897      2.12054      32.5755      54.8687          297          0.32576
  30      87.098    0.62649      1.87098      16.2102      48.4112          298          0.16210
  35      69.336    0.62649      1.69336      16.2102      43.8155          297          0.16210
  40      56.012    0.62649      1.56012      16.2102      40.3677          297          0.16210
  45      45.646    0.62649      1.45646      16.2102      37.6856          297          0.16210
  50      37.351    0.62649      1.37351      16.2102      35.5395          297          0.16210
  55      30.544    0.62649      1.30544      16.2102      33.7780          298          0.16210
  60      24.891    0.62649      1.24891      16.2102      32.3152          297          0.16210
  65      20.106    0.62649      1.20106      16.2102      31.0773          297          0.16210
  70      16.005    0.62649      1.16005      16.2102      30.0162          297          0.16210
  75      12.450    0.62649      1.12450      16.2102      29.0964          297          0.16210
  80       9.330    0.62649      1.09330      16.2102      28.2890          298          0.16210
  85       6.586    0.62649      1.06586      16.2102      27.5790          297          0.16210
  90       4.147    0.62649      1.04147      16.2102      26.9479          297          0.16210
  95       1.964    0.62649      1.01964      16.2102      26.3831          297          0.16210
 100       0.000    0.62649      1.00000      16.2102      25.8748          297          0.16210
 
 
Data Role=VALIDATE Target Variable=popularity Target Label=' '
 
                                                                                           Mean
                               Cumulative        %       Cumulative      Number of      Posterior
Depth       Gain      Lift        Lift       Response    % Response    Observations    Probability
 
   5     132.763    2.32763      2.32763      60.2941      60.2941          34           0.65340
  10     138.038    2.43473      2.38038      63.0682      61.6604          33           0.64547
  15     123.723    1.94660      2.23723      50.4239      57.9524          33           0.51077
  20     106.085    1.52636      2.06085      39.5382      53.3835          33           0.39091
  25      92.472    1.37608      1.92472      35.6455      49.8572          33           0.18029
  30      71.512    0.69176      1.71512      17.9191      44.4277          34           0.16210
  35      57.018    0.69176      1.57018      17.9191      40.6733          33           0.16210
  40      46.120    0.69176      1.46120      17.9191      37.8504          33           0.16210
  45      37.628    0.69176      1.37628      17.9191      35.6506          33           0.16210
  50      30.824    0.69176      1.30824      17.9191      33.8882          33           0.16210
  55      25.097    0.69176      1.25097      17.9191      32.4047          34           0.16210
  60      20.472    0.69176      1.20472      17.9191      31.2066          33           0.16210
  65      16.554    0.69176      1.16554      17.9191      30.1916          33           0.16210
  70      13.191    0.69176      1.13191      17.9191      29.3207          33           0.16210
  75      10.275    0.69176      1.10275      17.9191      28.5651          33           0.16210
  80       7.648    0.69176      1.07648      17.9191      27.8847          34           0.16210
  85       5.401    0.69176      1.05401      17.9191      27.3027          33           0.16210
  90       3.402    0.69176      1.03402      17.9191      26.7849          33           0.16210
  95       1.612    0.69176      1.01612      17.9191      26.3212          33           0.16210
 100       0.000    0.69176      1.00000      17.9191      25.9036          33           0.16210
 
 
 
 
Assessment Score Distribution
 
Data Role=TRAIN Target Variable=popularity Target Label=' '
 
 Posterior     Number                     Mean
Probability      of      Number of     Posterior
   Range       Events    Nonevents    Probability    Percentage
 
 0.65-0.70       473         251        0.65331        12.1803
 0.55-0.60       152         115        0.56929         4.4919
 0.45-0.50       156         174        0.47273         5.5518
 0.20-0.25        29         103        0.21970         2.2207
 0.15-0.20       728        3763        0.16210        75.5552
 
 
Data Role=VALIDATE Target Variable=popularity Target Label=' '
 
 Posterior     Number                     Mean
Probability      of      Number of     Posterior
   Range       Events    Nonevents    Probability    Percentage
 
 0.65-0.70       40          24         0.65326         9.6386
 0.55-0.60        7           9         0.56929         2.4096
 0.45-0.50       23          19         0.47273         6.3253
 0.20-0.25        9          14         0.21937         3.4639
 0.15-0.20       93         426         0.16210        78.1627
