*------------------------------------------------------------*
User:                sap146
Date:                19 December 2017
Time:                11:59:12
*------------------------------------------------------------*
* Training Output
*------------------------------------------------------------*
 
 
 
 
Variable Summary
 
            Measurement    Frequency
Role           Level         Count
 
INPUT        INTERVAL          11
REJECTED     NOMINAL            1
 
 
 
The CLUSTER Procedure
Ward's Minimum Variance Cluster Analysis
 
            Eigenvalues of the Covariance Matrix
 
        Eigenvalue    Difference    Proportion    Cumulative
 
   1    0.14691566    0.02296000        0.3943        0.3943
   2    0.12395566    0.08542734        0.3326        0.7269
   3    0.03852832    0.01668097        0.1034        0.8303
   4    0.02184735    0.00218353        0.0586        0.8889
   5    0.01966383    0.00700800        0.0528        0.9417
   6    0.01265583    0.00812326        0.0340        0.9756
   7    0.00453257    0.00183003        0.0122        0.9878
   8    0.00270255    0.00086849        0.0073        0.9951
   9    0.00183405    0.00182757        0.0049        1.0000
  10    0.00000648    0.00000580        0.0000        1.0000
  11    0.00000068                      0.0000        1.0000
 
Root-Mean-Square Total-Sample Standard Deviation    0.596156
 
Root-Mean-Square Distance Between Observations    2.796219
 
 
                                                 Cluster History
  Number
      of                                                 Semipartial                 Pseudo F       Pseudo
Clusters    ------Clusters Joined-------         Freq       R-Square    R-Square    Statistic    t-Squared    Tie
 
      49    OB7             OB50                    3         0.0000        .095         14.4          0.0
      48    OB4             OB49                    2         0.0000        .095         14.7           .
      47    OB34            OB45                    2         0.0000        .095         15.0           .
      46    OB16            OB17                    2         0.0000        .095         15.4           .
      45    OB8             OB18                    4         0.0000        .095         15.7          0.1
      44    CL48            OB43                    3         0.0000        .095         16.1          1.8
      43    CL44            OB46                    4         0.0000        .095         16.4          1.4
      42    OB5             OB12                   10         0.0000        .095         16.8          0.1
      41    OB24            OB38                    3         0.0000        .095         17.3          0.2
      40    OB9             OB26                    2         0.0000        .095         17.7           .
      39    CL49            OB23                   11         0.0001        .095         18.1          0.1
      38    OB22            OB28                   15         0.0001        .095         18.6          0.2
      37    CL45            OB13                    5         0.0001        .095         19.1          0.2
      36    CL40            CL46                    4         0.0001        .095         19.7          1.7
      35    CL43            OB32                    6         0.0001        .095         20.2          0.8
      34    OB11            OB47                  122         0.0001        .095         20.8          0.3
      33    CL39            OB19                   15         0.0001        .095         21.5          0.2
      32    OB2             OB15                   55         0.0001        .095         22.1          0.3
      31    CL42            CL41                   13         0.0001        .094         22.9          0.3
      30    OB14            OB42                   85         0.0001        .094         23.6          0.4
      29    CL35            OB20                    7         0.0001        .094         24.4          1.5
      28    CL33            CL47                   17         0.0001        .094         25.3          0.4
      27    CL29            OB41                   23         0.0002        .094         26.2          0.5
      26    OB6             OB39                   85         0.0002        .094         27.2          0.6
      25    CL38            OB44                   78         0.0002        .094         28.3          0.5
      24    CL28            CL37                   22         0.0002        .093         29.5          0.6
      23    CL31            CL34                  135         0.0003        .093         30.7          1.2
      22    CL32            OB25                  131         0.0003        .093         32.1          1.1
      21    CL24            CL36                   26         0.0003        .092         33.6          1.3
      20    OB3             OB36                  429         0.0004        .092         35.2          2.1
      19    CL25            OB37                  323         0.0004        .092         37.0          2.0
      18    CL30            CL19                  408         0.0005        .091         38.9          2.4
      17    CL26            OB27                  390         0.0005        .091         41.1          2.6
      16    OB21            OB40                  687         0.0005        .090         43.6          4.7
      15    CL22            CL16                  818         0.0011        .089         46.1          8.4
      14    CL20            CL23                  564         0.0011        .088         49.0          5.9
      13    CL27            CL17                  413         0.0012        .087         52.3          6.4
      12    CL18            OB30                  866         0.0013        .086         56.1          8.9
      11    CL13            CL21                  439         0.0018        .084         60.3          9.0
      10    CL15            OB29                 1782         0.0019        .082         65.3         19.0
       9    CL10            CL12                 2648         0.0025        .079         71.1         21.0
       8    CL14            CL11                 1003         0.0028        .077         78.2         14.4
       7    OB10            OB48                  822         0.0034        .073         86.8         20.6
       6    CL8             OB35                 1752         0.0047        .068         96.9         28.2
       5    OB31            OB33                  749         0.0053        .063          111         40.2
       4    CL9             CL5                  3397         0.0058        .057          134         47.3
       3    OB1             CL4                  4034         0.0078        .049          172         62.5
       2    CL3             CL6                  5786         0.0219        .028          187          156
       1    CL2             CL7                  6608         0.0275        .000           .           187


*------------------------------------------------------------*
* Score Output
*------------------------------------------------------------*


*------------------------------------------------------------*
* Report Output
*------------------------------------------------------------*
 
 
 
 
Variable Importance
 
                                          Number of    Number of
                                          Splitting    Surrogate
Variable Name              Label            Rules        Rules      Importance
 
tempo                                         0            3          1.00000
beats_start                                   3            3          0.88551
tatums_start                                  1            5          0.88055
start_of_fade_out                             0            3          0.85245
end_of_fade_in                                2            3          0.83949
duration                                      2            0          0.83259
bars_start                                    1            1          0.40325
loudness                                      0            1          0.32270
artist_hotttnesss    artist.hotttnesss        0            1          0.32270
